[infiniteresources.org/index.html]
[backblue.gif]
[fade.gif]
[index.html]
[infiniteresources.org/wp-content/plugins/formidable/css/formidableforms39b3.css]
[infiniteresources.org/wp-content/uploads/elementor/css/custom-frontend.min6859.css]
[infiniteresources.org/wp-content/uploads/elementor/css/post-79036859.css]
[infiniteresources.org/feed/index.html]
[infiniteresources.org/wp-content/plugins/globefarer-core/inc/icons/dripicons/assets/css/dripicons.min32d4.css]
[infiniteresources.org/wp-content/plugins/globefarer-core/inc/icons/elegant-icons/assets/css/elegant-icons.min32d4.css]
[infiniteresources.org/wp-content/plugins/globefarer-core/inc/icons/font-awesome/assets/css/all.min32d4.css]
[infiniteresources.org/wp-content/plugins/globefarer-core/inc/icons/fontkiko/assets/css/kiko-all.min32d4.css]
[infiniteresources.org/comments/feed/index.html]
[infiniteresources.org/wp-content/plugins/globefarer-core/inc/icons/ionicons/assets/css/ionicons.min32d4.css]
[infiniteresources.org/wp-content/plugins/globefarer-core/inc/icons/linea-icons/assets/css/linea-icons.min32d4.css]
[infiniteresources.org/wp-content/plugins/globefarer-core/inc/icons/linear-icons/assets/css/linear-icons.min32d4.css]
[infiniteresources.org/wp-content/plugins/globefarer-core/inc/icons/simple-line-icons/assets/css/simple-line-icons.min32d4.css]
[infiniteresources.org/wp-content/plugins/elementor/assets/lib/font-awesome/css/all.min32d4.css]
[infiniteresources.org/wp-content/plugins/elementor/assets/lib/font-awesome/css/regular.min32d4.css]
[infiniteresources.org/wp-content/plugins/themesflat-addons-for-elementor/assets/css/tf-header-footer32d4.css]
[infiniteresources.org/wp-content/plugins/qi-addons-for-elementor/assets/css/grid.minbb23.css]
[infiniteresources.org/wp-content/plugins/qi-addons-for-elementor/assets/css/helper-parts.minbb23.css]
[infiniteresources.org/wp-content/plugins/qi-addons-for-elementor/assets/css/main.minbb23.css]
[infiniteresources.org/wp-content/plugins/qi-addons-for-elementor/assets/plugins/swiper/8.4.5/swiper.min94a4.css]
[infiniteresources.org/wp-content/themes/globefarer/assets/css/main.min32d4.css]
[infiniteresources.org/wp-content/plugins/globefarer-core/assets/css/globefarer-core.min32d4.css]
[infiniteresources.org/wp-content/themes/globefarer/assets/css/grid.min32d4.css]
[infiniteresources.org/wp-content/themes/globefarer/style32d4.css]
[infiniteresources.org/wp-content/plugins/globefarer-core/inc/plugins/elementor/assets/css/elementor.min32d4.css]
[infiniteresources.org/wp-content/plugins/essential-addons-for-elementor-lite/assets/front-end/css/view/general.minaafb.css]
[infiniteresources.org/wp-content/uploads/essential-addons-elementor/eael-504698.css]
[infiniteresources.org/wp-content/plugins/elementor/assets/lib/eicons/css/elementor-icons.min5e22.css]
[infiniteresources.org/wp-content/uploads/elementor/css/post-88526859.css]
[infiniteresources.org/wp-content/plugins/elementor/assets/css/widget-menu-anchor.min1504.css]
[infiniteresources.org/wp-content/plugins/elementor/assets/lib/animations/styles/slideInDown.min1504.css]
[infiniteresources.org/wp-content/plugins/elementor/assets/css/widget-image.min1504.css]
[infiniteresources.org/wp-content/plugins/elementor/assets/css/widget-heading.min1504.css]
[infiniteresources.org/wp-content/plugins/elementor/assets/lib/animations/styles/bounceIn.min1504.css]
[infiniteresources.org/wp-content/plugins/elementor/assets/lib/animations/styles/slideInUp.min1504.css]
[infiniteresources.org/wp-content/plugins/elementor/assets/lib/animations/styles/fadeIn.min1504.css]
[infiniteresources.org/wp-content/plugins/elementor/assets/css/widget-spacer.min1504.css]
[infiniteresources.org/wp-content/uploads/elementor/css/post-5021be.css]
[infiniteresources.org/wp-content/plugins/elementskit-lite/widgets/init/assets/css/widget-styles3621.css]
[infiniteresources.org/wp-content/plugins/elementskit/widgets/init/assets/css/widget-styles-pro38b5.css]
[infiniteresources.org/wp-content/plugins/elementskit-lite/widgets/init/assets/css/responsive3621.css]
[infiniteresources.org/wp-content/uploads/elementor/google-fonts/css/robotobc54.css]
[infiniteresources.org/wp-content/uploads/elementor/google-fonts/css/robotoslab45c7.css]
[infiniteresources.org/wp-content/uploads/elementor/google-fonts/css/poppins07b8.css]
[infiniteresources.org/wp-content/uploads/elementor/google-fonts/css/opensansa3bd.css]
[infiniteresources.org/wp-content/plugins/elementor/assets/lib/font-awesome/css/fontawesome.min52d5.css]
[infiniteresources.org/wp-content/plugins/elementor/assets/lib/font-awesome/css/solid.min52d5.css]
[infiniteresources.org/wp-content/plugins/elementskit-lite/modules/elementskit-icon-pack/assets/css/ekiticons3621.css]
[infiniteresources.org/wp-includes/js/jquery/jquery.minf43b.js]
[infiniteresources.org/wp-includes/js/jquery/jquery-migrate.min5589.js]
[infiniteresources.org/wp-json/index.html]
[infiniteresources.org/wp-json/wp/v2/pages/50.json]
[infiniteresources.org/xmlrpc0db0.php]
[infiniteresources.org/wp-json/oembed/1.0/embeddac7.json]
[infiniteresources.org/wp-json/oembed/1.0/embedacad]
[infiniteresources.org/wp-content/uploads/2023/01/cropped-Favicon_1-32x32.png]
[infiniteresources.org/wp-content/uploads/2023/01/cropped-Favicon_1-192x192.png]
[infiniteresources.org/wp-content/uploads/2023/01/cropped-Favicon_1-180x180.png]
[infiniteresources.org/wp-content/uploads/2023/01/IR_final-logo_white.png]
[infiniteresources.org/wp-content/uploads/2023/01/IR_final-logo.png]
[infiniteresources.org/wp-content/plugins/revslider/public/assets/assets/dummy.png]
[infiniteresources.org/wp-content/uploads/revslider/video-media/IR-BG-Desktop-Video_31_layer.jpg]
[infiniteresources.org/wp-content/uploads/2023/02/Container_1.png]
[infiniteresources.org/contact-us/index.html]
[infiniteresources.org/paper/index.html]
[infiniteresources.org/rubber/index.html]
[infiniteresources.org/wp-content/uploads/2023/02/Finance_1@2x.png]
[infiniteresources.org/wp-content/uploads/2023/02/Shipping_1@2x.png]
[infiniteresources.org/wp-content/uploads/2023/02/Manoeuvrability_1@2x.png]
[infiniteresources.org/wp-content/uploads/2023/02/Service_1@2x.png]
[infiniteresources.org/wp-content/uploads/2023/01/Newspaper_1@2x.png]
[infiniteresources.org/wp-content/uploads/2023/01/Soft-Mixed-paper_1@2x.png]
[infiniteresources.org/wp-content/uploads/2023/01/Old-Corrugated-Containers_1@2x.png]
[infiniteresources.org/wp-content/uploads/2023/01/Reels_1@2x-1.png]
[infiniteresources.org/wp-content/uploads/2023/01/Sack-Kraft_1@2x.png]
[infiniteresources.org/wp-content/uploads/2023/01/Hard-Mixed-Paper_1@2x.png]
[infiniteresources.org/wp-content/uploads/2023/01/Polycup_1@2x.png]
[infiniteresources.org/wp-content/uploads/2023/01/Sorted-Office-Paper_1@2x.png]
[infiniteresources.org/wp-content/uploads/2023/01/Baled-Tyres_1@2x.png]
[infiniteresources.org/wp-content/uploads/2023/01/Shredded-Tyres_1@2x.png]
[infiniteresources.org/wp-content/uploads/2023/01/Agri-Tyre@2x.png]
[infiniteresources.org/wp-content/uploads/2023/01/3-Cut-Bales_1@2x.png]
[infiniteresources.org/wp-content/uploads/2023/01/Granulated-Tyres_1@2x.png]
[infiniteresources.org/wp-content/uploads/2023/01/TDF_1@2x.png]
[infiniteresources.org/wp-content/uploads/2023/01/Butyl-Tubes_1@2x.png]
[infiniteresources.org/wp-content/uploads/2023/01/Crumb-Rubber@2x.png]
[infiniteresources.org/wp-content/uploads/2023/01/OTR-Tyre@2x.png]
[infiniteresources.org/wp-content/uploads/2023/02/Segments_11.png]
[infiniteresources.org/wp-content/uploads/2023/02/shipping_11.png]
[infiniteresources.org/wp-content/uploads/2023/02/ports_11.png]
[infiniteresources.org/wp-content/uploads/2023/02/ideas_11.png]
[infiniteresources.org/wp-content/uploads/2023/01/IR_final-logo_white-1024x276.png]
[analytics.wpmucdn.com/matomo.js]
[infiniteresources.org/wp-content/uploads/elementor/css/post-1037703eb.css]
[infiniteresources.org/wp-content/uploads/elementor/css/custom-widget-image-box.min6859.css]
[infiniteresources.org/wp-content/uploads/elementor/css/post-1037803eb.css]
[infiniteresources.org/wp-content/uploads/elementor/css/post-976203eb.css]
[infiniteresources.org/wp-content/uploads/elementor/css/post-976003eb.css]
[infiniteresources.org/wp-content/uploads/elementor/css/post-80437c14.css]
[infiniteresources.org/wp-content/uploads/elementor/css/post-85047c14.css]
[infiniteresources.org/wp-content/uploads/elementor/css/custom-widget-icon-list.min6859.css]
[infiniteresources.org/wp-content/plugins/elementor/assets/lib/font-awesome/css/brands.min52d5.css]
[infiniteresources.org/wp-content/plugins/elementor/assets/lib/font-awesome/css/regular.min52d5.css]
[infiniteresources.org/wp-content/plugins/elementor/assets/css/widget-divider.min1504.css]
[infiniteresources.org/wp-content/plugins/elementskit/modules/pro-form-reset-button/assets/css/elementskit-reset-button38b5.css]
[infiniteresources.org/wp-content/plugins/revslider/public/assets/css/rs65bdf.css]
[infiniteresources.org/wp-content/plugins/themesflat-addons-for-elementor/assets/js/swiper.min32d4.js]
[infiniteresources.org/wp-content/plugins/themesflat-addons-for-elementor/assets/js/anime.min32d4.js]
[infiniteresources.org/wp-content/plugins/themesflat-addons-for-elementor/assets/js/textanimation32d4.js]
[infiniteresources.org/wp-content/plugins/revslider/public/assets/js/rbtools.min5bdf.js]
[infiniteresources.org/wp-content/plugins/revslider/public/assets/js/rs6.min5bdf.js]
[infiniteresources.org/wp-includes/js/jquery/ui/core.minb37e.js]
[infiniteresources.org/wp-content/plugins/qi-addons-for-elementor/assets/js/main.minbb23.js]
[infiniteresources.org/wp-includes/js/hoverIntent.min3e5a.js]
[infiniteresources.org/wp-content/plugins/globefarer-core/assets/plugins/modernizr/modernizr32d4.js]
[infiniteresources.org/wp-content/plugins/qi-addons-for-elementor/inc/shortcodes/parallax-images/assets/js/plugins/jquery.parallax-scroll68b3.js]
[infiniteresources.org/wp-content/plugins/globefarer-core/assets/plugins/gsap/gsap.min32d4.js]
[infiniteresources.org/wp-content/themes/globefarer/assets/js/main.min32d4.js]
[infiniteresources.org/wp-content/plugins/globefarer-core/assets/js/globefarer-core.min32d4.js]
[infiniteresources.org/wp-content/plugins/qi-addons-for-elementor/assets/plugins/swiper/8.4.5/swiper.min94a4.js]
[infiniteresources.org/wp-content/plugins/elementskit-lite/libs/framework/assets/js/frontend-script3621.js]
[infiniteresources.org/wp-content/plugins/elementskit-lite/widgets/init/assets/js/widget-scripts3621.js]
[infiniteresources.org/wp-content/plugins/essential-addons-for-elementor-lite/assets/front-end/js/view/general.minaafb.js]
[infiniteresources.org/wp-content/uploads/essential-addons-elementor/eael-504698.js]
[infiniteresources.org/wp-content/plugins/elementor/assets/js/webpack.runtime.min1504.js]
[infiniteresources.org/wp-content/plugins/elementor/assets/js/frontend-modules.min1504.js]
[infiniteresources.org/wp-content/plugins/elementor/assets/js/frontend.min1504.js]
[infiniteresources.org/wp-content/plugins/make-column-clickable-elementor/assets/js/make-column-clickable1f22.js]
[infiniteresources.org/wp-includes/js/dist/hooks.min4fdd.js]
[infiniteresources.org/wp-includes/js/dist/i18n.minc33c.js]
[infiniteresources.org/wp-content/plugins/qi-addons-for-elementor/inc/plugins/elementor/assets/js/elementor32d4.js]
[infiniteresources.org/wp-content/plugins/globefarer-core/inc/plugins/elementor/assets/js/elementor.min32d4.js]
[infiniteresources.org/wp-content/plugins/elementor-pro/assets/js/webpack-pro.runtime.min87cc.js]
[infiniteresources.org/wp-content/plugins/elementor-pro/assets/js/frontend.min87cc.js]
[infiniteresources.org/wp-content/plugins/elementor-pro/assets/js/elements-handlers.min87cc.js]
[infiniteresources.org/wp-content/plugins/elementskit-lite/widgets/init/assets/js/animate-circle.min3621.js]
[infiniteresources.org/wp-content/plugins/elementskit-lite/widgets/init/assets/js/elementor3621.js]
[infiniteresources.org/wp-content/plugins/elementskit/widgets/init/assets/js/elementor38b5.js]
[infiniteresources.org/wp-content/plugins/elementskit/modules/pro-form-reset-button/assets/js/elementskit-reset-button38b5.js]
[infiniteresources.org/index.html]
[infiniteresources.org/wp-content/plugins/formidable/images/ajax_loader.gif]
[infiniteresources.org/wp-content/plugins/formidable/css/formidableforms39b3.css]
[infiniteresources.org/wp-content/uploads/elementor/css/custom-frontend.min6859.css]
[infiniteresources.org/wp-content/uploads/elementor/css/post-79036859.css]
[infiniteresources.org/wp-content/plugins/globefarer-core/inc/icons/dripicons/assets/fonts/dripicons-v2.eot]
[infiniteresources.org/wp-content/plugins/globefarer-core/inc/icons/dripicons/assets/css/dripicons.min32d4.css]
[infiniteresources.org/wp-content/plugins/globefarer-core/inc/icons/elegant-icons/assets/fonts/ElegantIcons.eot]
[infiniteresources.org/wp-content/plugins/globefarer-core/inc/icons/elegant-icons/assets/fonts/ElegantIconsd41d.eot]
[infiniteresources.org/wp-content/plugins/globefarer-core/inc/icons/elegant-icons/assets/fonts/ElegantIcons.woff]
[infiniteresources.org/wp-content/plugins/globefarer-core/inc/icons/elegant-icons/assets/fonts/ElegantIcons.ttf]
[infiniteresources.org/wp-content/plugins/globefarer-core/inc/icons/elegant-icons/assets/css/elegant-icons.min32d4.css]
[infiniteresources.org/wp-content/plugins/globefarer-core/inc/icons/font-awesome/assets/webfonts/fa-brands-400.eot]
[infiniteresources.org/wp-content/plugins/globefarer-core/inc/icons/font-awesome/assets/webfonts/fa-brands-400d41d.eot]
[infiniteresources.org/wp-content/plugins/globefarer-core/inc/icons/font-awesome/assets/webfonts/fa-brands-400.woff2]
[infiniteresources.org/wp-content/plugins/globefarer-core/inc/icons/font-awesome/assets/webfonts/fa-brands-400.woff]
[infiniteresources.org/wp-content/plugins/globefarer-core/inc/icons/font-awesome/assets/webfonts/fa-brands-400.ttf]
[infiniteresources.org/wp-content/plugins/globefarer-core/inc/icons/font-awesome/assets/webfonts/fa-regular-400.eot]
[infiniteresources.org/wp-content/plugins/globefarer-core/inc/icons/font-awesome/assets/webfonts/fa-regular-400d41d.eot]
[infiniteresources.org/wp-content/plugins/globefarer-core/inc/icons/font-awesome/assets/webfonts/fa-regular-400.woff2]
[infiniteresources.org/wp-content/plugins/globefarer-core/inc/icons/font-awesome/assets/webfonts/fa-regular-400.woff]
[infiniteresources.org/wp-content/plugins/globefarer-core/inc/icons/font-awesome/assets/webfonts/fa-regular-400.ttf]
[infiniteresources.org/wp-content/plugins/globefarer-core/inc/icons/font-awesome/assets/webfonts/fa-solid-900.eot]
[infiniteresources.org/wp-content/plugins/globefarer-core/inc/icons/font-awesome/assets/webfonts/fa-solid-900d41d.eot]
[infiniteresources.org/wp-content/plugins/globefarer-core/inc/icons/font-awesome/assets/webfonts/fa-solid-900.woff2]
[infiniteresources.org/wp-content/plugins/globefarer-core/inc/icons/font-awesome/assets/webfonts/fa-solid-900.woff]
[infiniteresources.org/wp-content/plugins/globefarer-core/inc/icons/font-awesome/assets/webfonts/fa-solid-900.ttf]
[infiniteresources.org/wp-content/plugins/globefarer-core/inc/icons/font-awesome/assets/css/all.min32d4.css]
[infiniteresources.org/wp-content/plugins/globefarer-core/inc/icons/fontkiko/assets/webfonts/fontkikolight.eot]
[infiniteresources.org/wp-content/plugins/globefarer-core/inc/icons/fontkiko/assets/webfonts/fontkikolight.woff]
[infiniteresources.org/wp-content/plugins/globefarer-core/inc/icons/fontkiko/assets/webfonts/fontkikolight.woff2]
[infiniteresources.org/wp-content/plugins/globefarer-core/inc/icons/fontkiko/assets/webfonts/fontkikolight.otf]
[infiniteresources.org/wp-content/plugins/globefarer-core/inc/icons/fontkiko/assets/webfonts/fontkikoreg.eot]
[infiniteresources.org/wp-content/plugins/globefarer-core/inc/icons/fontkiko/assets/webfonts/fontkikoreg.woff]
[infiniteresources.org/wp-content/plugins/globefarer-core/inc/icons/fontkiko/assets/webfonts/fontkikoreg.woff2]
[infiniteresources.org/wp-content/plugins/globefarer-core/inc/icons/fontkiko/assets/webfonts/fontkikoreg.otf]
[infiniteresources.org/wp-content/plugins/globefarer-core/inc/icons/fontkiko/assets/webfonts/fontkikosolid.eot]
[infiniteresources.org/wp-content/plugins/globefarer-core/inc/icons/fontkiko/assets/webfonts/fontkikosolid.woff]
[infiniteresources.org/wp-content/plugins/globefarer-core/inc/icons/fontkiko/assets/webfonts/fontkikosolid.woff2]
[infiniteresources.org/wp-content/plugins/globefarer-core/inc/icons/fontkiko/assets/webfonts/fontkikosolid.otf]
[infiniteresources.org/wp-content/plugins/globefarer-core/inc/icons/fontkiko/assets/css/kiko-all.min32d4.css]
[infiniteresources.org/wp-content/plugins/globefarer-core/inc/icons/ionicons/assets/fonts/ioniconsde33.eot]
[infiniteresources.org/wp-content/plugins/globefarer-core/inc/icons/ionicons/assets/fonts/ioniconsde33.woff2]
[infiniteresources.org/wp-content/plugins/globefarer-core/inc/icons/ionicons/assets/fonts/ioniconsde33.woff]
[infiniteresources.org/wp-content/plugins/globefarer-core/inc/icons/ionicons/assets/fonts/ioniconsde33.ttf]
[infiniteresources.org/wp-content/plugins/globefarer-core/inc/icons/ionicons/assets/css/ionicons.min32d4.css]
[infiniteresources.org/wp-content/plugins/globefarer-core/inc/icons/linea-icons/assets/fonts/arrows/fonts/linea-arrows-10.eot]
[infiniteresources.org/wp-content/plugins/globefarer-core/inc/icons/linea-icons/assets/fonts/arrows/fonts/linea-arrows-10d41d.eot]
[infiniteresources.org/wp-content/plugins/globefarer-core/inc/icons/linea-icons/assets/fonts/arrows/fonts/linea-arrows-10.woff]
[infiniteresources.org/wp-content/plugins/globefarer-core/inc/icons/linea-icons/assets/fonts/arrows/fonts/linea-arrows-10.ttf]
[infiniteresources.org/wp-content/plugins/globefarer-core/inc/icons/linea-icons/assets/fonts/basic/fonts/linea-basic-10.eot]
[infiniteresources.org/wp-content/plugins/globefarer-core/inc/icons/linea-icons/assets/fonts/basic/fonts/linea-basic-10d41d.eot]
[infiniteresources.org/wp-content/plugins/globefarer-core/inc/icons/linea-icons/assets/fonts/basic/fonts/linea-basic-10.woff]
[infiniteresources.org/wp-content/plugins/globefarer-core/inc/icons/linea-icons/assets/fonts/basic/fonts/linea-basic-10.ttf]
[infiniteresources.org/wp-content/plugins/globefarer-core/inc/icons/linea-icons/assets/fonts/basic-elaboration/fonts/linea-basic-elaboration-10.eot]
[infiniteresources.org/wp-content/plugins/globefarer-core/inc/icons/linea-icons/assets/fonts/basic-elaboration/fonts/linea-basic-elaboration-10d41d.eot]
[infiniteresources.org/wp-content/plugins/globefarer-core/inc/icons/linea-icons/assets/fonts/basic-elaboration/fonts/linea-basic-elaboration-10.woff]
[infiniteresources.org/wp-content/plugins/globefarer-core/inc/icons/linea-icons/assets/fonts/basic-elaboration/fonts/linea-basic-elaboration-10.ttf]
[infiniteresources.org/wp-content/plugins/globefarer-core/inc/icons/linea-icons/assets/fonts/ecommerce/fonts/linea-ecommerce-10.eot]
[infiniteresources.org/wp-content/plugins/globefarer-core/inc/icons/linea-icons/assets/fonts/ecommerce/fonts/linea-ecommerce-10d41d.eot]
[infiniteresources.org/wp-content/plugins/globefarer-core/inc/icons/linea-icons/assets/fonts/ecommerce/fonts/linea-ecommerce-10.woff]
[infiniteresources.org/wp-content/plugins/globefarer-core/inc/icons/linea-icons/assets/fonts/ecommerce/fonts/linea-ecommerce-10.ttf]
[infiniteresources.org/wp-content/plugins/globefarer-core/inc/icons/linea-icons/assets/fonts/music/fonts/linea-music-10.eot]
[infiniteresources.org/wp-content/plugins/globefarer-core/inc/icons/linea-icons/assets/fonts/music/fonts/linea-music-10d41d.eot]
[infiniteresources.org/wp-content/plugins/globefarer-core/inc/icons/linea-icons/assets/fonts/music/fonts/linea-music-10.woff]
[infiniteresources.org/wp-content/plugins/globefarer-core/inc/icons/linea-icons/assets/fonts/music/fonts/linea-music-10.ttf]
[infiniteresources.org/wp-content/plugins/globefarer-core/inc/icons/linea-icons/assets/fonts/software/fonts/linea-software-10.eot]
[infiniteresources.org/wp-content/plugins/globefarer-core/inc/icons/linea-icons/assets/fonts/software/fonts/linea-software-10d41d.eot]
[infiniteresources.org/wp-content/plugins/globefarer-core/inc/icons/linea-icons/assets/fonts/software/fonts/linea-software-10.woff]
[infiniteresources.org/wp-content/plugins/globefarer-core/inc/icons/linea-icons/assets/fonts/software/fonts/linea-software-10.ttf]
[infiniteresources.org/wp-content/plugins/globefarer-core/inc/icons/linea-icons/assets/fonts/weather/fonts/linea-weather-10.eot]
[infiniteresources.org/wp-content/plugins/globefarer-core/inc/icons/linea-icons/assets/fonts/weather/fonts/linea-weather-10d41d.eot]
[infiniteresources.org/wp-content/plugins/globefarer-core/inc/icons/linea-icons/assets/fonts/weather/fonts/linea-weather-10.woff]
[infiniteresources.org/wp-content/plugins/globefarer-core/inc/icons/linea-icons/assets/fonts/weather/fonts/linea-weather-10.ttf]
[infiniteresources.org/wp-content/plugins/globefarer-core/inc/icons/linea-icons/assets/css/linea-icons.min32d4.css]
[infiniteresources.org/wp-content/plugins/globefarer-core/inc/icons/linear-icons/assets/fonts/Linearicons-Free54e9.eot]
[infiniteresources.org/wp-content/plugins/globefarer-core/inc/icons/linear-icons/assets/fonts/Linearicons-Freed41d.eot]
[infiniteresources.org/wp-content/plugins/globefarer-core/inc/icons/linear-icons/assets/fonts/Linearicons-Free54e9.woff2]
[infiniteresources.org/wp-content/plugins/globefarer-core/inc/icons/linear-icons/assets/fonts/Linearicons-Free54e9.woff]
[infiniteresources.org/wp-content/plugins/globefarer-core/inc/icons/linear-icons/assets/fonts/Linearicons-Free54e9.ttf]
[infiniteresources.org/wp-content/plugins/globefarer-core/inc/icons/linear-icons/assets/css/linear-icons.min32d4.css]
[infiniteresources.org/wp-content/plugins/globefarer-core/inc/icons/simple-line-icons/assets/fonts/Simple-Line-Iconsb26c.eot]
[infiniteresources.org/wp-content/plugins/globefarer-core/inc/icons/simple-line-icons/assets/fonts/Simple-Line-Iconsb26c.woff2]
[infiniteresources.org/wp-content/plugins/globefarer-core/inc/icons/simple-line-icons/assets/fonts/Simple-Line-Iconsb26c.ttf]
[infiniteresources.org/wp-content/plugins/globefarer-core/inc/icons/simple-line-icons/assets/fonts/Simple-Line-Iconsb26c.woff]
[infiniteresources.org/wp-content/plugins/globefarer-core/inc/icons/simple-line-icons/assets/css/simple-line-icons.min32d4.css]
[infiniteresources.org/wp-content/plugins/elementor/assets/lib/font-awesome/webfonts/fa-brands-400.eot]
[infiniteresources.org/wp-content/plugins/elementor/assets/lib/font-awesome/webfonts/fa-brands-400d41d.eot]
[infiniteresources.org/wp-content/plugins/elementor/assets/lib/font-awesome/webfonts/fa-brands-400.woff2]
[infiniteresources.org/wp-content/plugins/elementor/assets/lib/font-awesome/webfonts/fa-brands-400.woff]
[infiniteresources.org/wp-content/plugins/elementor/assets/lib/font-awesome/webfonts/fa-brands-400.ttf]
[infiniteresources.org/wp-content/plugins/elementor/assets/lib/font-awesome/webfonts/fa-regular-400.eot]
[infiniteresources.org/wp-content/plugins/elementor/assets/lib/font-awesome/webfonts/fa-regular-400d41d.eot]
[infiniteresources.org/wp-content/plugins/elementor/assets/lib/font-awesome/webfonts/fa-regular-400.woff2]
[infiniteresources.org/wp-content/plugins/elementor/assets/lib/font-awesome/webfonts/fa-regular-400.woff]
[infiniteresources.org/wp-content/plugins/elementor/assets/lib/font-awesome/webfonts/fa-regular-400.ttf]
[infiniteresources.org/wp-content/plugins/elementor/assets/lib/font-awesome/webfonts/fa-solid-900.eot]
[infiniteresources.org/wp-content/plugins/elementor/assets/lib/font-awesome/webfonts/fa-solid-900d41d.eot]
[infiniteresources.org/wp-content/plugins/elementor/assets/lib/font-awesome/webfonts/fa-solid-900.woff2]
[infiniteresources.org/wp-content/plugins/elementor/assets/lib/font-awesome/webfonts/fa-solid-900.woff]
[infiniteresources.org/wp-content/plugins/elementor/assets/lib/font-awesome/webfonts/fa-solid-900.ttf]
[infiniteresources.org/wp-content/plugins/elementor/assets/lib/font-awesome/css/all.min32d4.css]
[infiniteresources.org/wp-content/plugins/elementor/assets/lib/font-awesome/css/regular.min32d4.css]
[infiniteresources.org/wp-content/plugins/themesflat-addons-for-elementor/assets/css/tf-header-footer32d4.css]
[infiniteresources.org/wp-content/plugins/qi-addons-for-elementor/assets/css/grid.minbb23.css]
[infiniteresources.org/wp-content/plugins/qi-addons-for-elementor/assets/css/helper-parts.minbb23.css]
[infiniteresources.org/wp-content/plugins/qi-addons-for-elementor/assets/css/main.minbb23.css]
[infiniteresources.org/wp-content/plugins/qi-addons-for-elementor/assets/plugins/swiper/8.4.5/swiper.min94a4.css]
[infiniteresources.org/wp-content/themes/globefarer/assets/css/main.min32d4.css]
[infiniteresources.org/wp-content/plugins/globefarer-core/assets/css/globefarer-core.min32d4.css]
[infiniteresources.org/wp-content/themes/globefarer/assets/css/grid.min32d4.css]
[infiniteresources.org/wp-content/themes/globefarer/style32d4.css]
[infiniteresources.org/wp-content/plugins/globefarer-core/inc/plugins/elementor/assets/css/elementor.min32d4.css]
[infiniteresources.org/wp-content/plugins/essential-addons-for-elementor-lite/assets/front-end/css/view/general.minaafb.css]
[infiniteresources.org/wp-content/uploads/essential-addons-elementor/eael-504698.css]
[infiniteresources.org/wp-content/plugins/elementor/assets/lib/eicons/fonts/eiconsaa8e.eot]
[infiniteresources.org/wp-content/plugins/elementor/assets/lib/eicons/fonts/eiconsaa8e.woff2]
[infiniteresources.org/wp-content/plugins/elementor/assets/lib/eicons/fonts/eiconsaa8e.woff]
[infiniteresources.org/wp-content/plugins/elementor/assets/lib/eicons/fonts/eiconsaa8e.ttf]
[infiniteresources.org/wp-content/plugins/elementor/assets/lib/eicons/css/elementor-icons.min5e22.css]
[infiniteresources.org/wp-content/uploads/elementor/css/post-88526859.css]
[infiniteresources.org/wp-content/plugins/elementor/assets/css/widget-menu-anchor.min1504.css]
[infiniteresources.org/wp-content/plugins/elementor/assets/lib/animations/styles/slideInDown.min1504.css]
[infiniteresources.org/wp-content/plugins/elementor/assets/css/widget-image.min1504.css]
[infiniteresources.org/wp-content/plugins/elementor/assets/css/widget-heading.min1504.css]
[infiniteresources.org/wp-content/plugins/elementor/assets/lib/animations/styles/bounceIn.min1504.css]
[infiniteresources.org/wp-content/plugins/elementor/assets/lib/animations/styles/slideInUp.min1504.css]
[infiniteresources.org/wp-content/plugins/elementor/assets/lib/animations/styles/fadeIn.min1504.css]
[infiniteresources.org/wp-content/plugins/elementor/assets/css/widget-spacer.min1504.css]
[infiniteresources.org/wp-content/uploads/2023/01/What-we-do-bg.png]
[infiniteresources.org/wp-content/uploads/2023/02/image_part_001_2.jpg]
[infiniteresources.org/wp-content/uploads/2023/01/Finance-bg.jpg]
[infiniteresources.org/wp-content/uploads/2023/02/image_part_002_2.jpg]
[infiniteresources.org/wp-content/uploads/2023/01/Shipping-bg.jpg]
[infiniteresources.org/wp-content/uploads/2023/02/image_part_003_2.jpg]
[infiniteresources.org/wp-content/uploads/2023/01/Maneuverability-bg.jpg]
[infiniteresources.org/wp-content/uploads/2023/02/image_part_004_2.jpg]
[infiniteresources.org/wp-content/uploads/2023/01/Service-bg.jpg]
[infiniteresources.org/wp-content/uploads/2023/01/Paper-waste_Final.jpg]
[infiniteresources.org/wp-content/uploads/2023/01/Rubber-waste_Final.jpg]
[infiniteresources.org/wp-content/uploads/2023/02/Paper-Product1.jpg]
[infiniteresources.org/wp-content/uploads/elementor/css/post-5021be.css]
[infiniteresources.org/wp-content/plugins/elementskit-lite/widgets/init/assets/img/arrow.png]
[infiniteresources.org/wp-content/plugins/elementskit-lite/widgets/init/assets/img/sort_asc.png]
[infiniteresources.org/wp-content/plugins/elementskit-lite/widgets/init/assets/img/sort_desc.png]
[infiniteresources.org/wp-content/plugins/elementskit-lite/widgets/init/assets/img/sort_asc_disabled.png]
[infiniteresources.org/wp-content/plugins/elementskit-lite/widgets/init/assets/css/widget-styles3621.css]
[infiniteresources.org/wp-content/plugins/elementskit/widgets/init/assets/css/widget-styles-pro38b5.css]
[infiniteresources.org/wp-content/plugins/elementskit-lite/widgets/init/assets/css/responsive3621.css]
[infiniteresources.org/wp-content/uploads/elementor/google-fonts/fonts/roboto-kfo5cnqeu92fr1mu53zec9_vu3r1gihoszmkc3kawzu.woff2]
[infiniteresources.org/wp-content/uploads/elementor/google-fonts/fonts/roboto-kfo5cnqeu92fr1mu53zec9_vu3r1gihoszmkankawzu.woff2]
[infiniteresources.org/wp-content/uploads/elementor/google-fonts/fonts/roboto-kfo5cnqeu92fr1mu53zec9_vu3r1gihoszmkcnkawzu.woff2]
[infiniteresources.org/wp-content/uploads/elementor/google-fonts/fonts/roboto-kfo5cnqeu92fr1mu53zec9_vu3r1gihoszmkbxkawzu.woff2]
[infiniteresources.org/wp-content/uploads/elementor/google-fonts/fonts/roboto-kfo5cnqeu92fr1mu53zec9_vu3r1gihoszmkenkawzu.woff2]
[infiniteresources.org/wp-content/uploads/elementor/google-fonts/fonts/roboto-kfo5cnqeu92fr1mu53zec9_vu3r1gihoszmkahkawzu.woff2]
[infiniteresources.org/wp-content/uploads/elementor/google-fonts/fonts/roboto-kfo5cnqeu92fr1mu53zec9_vu3r1gihoszmkcxkawzu.woff2]
[infiniteresources.org/wp-content/uploads/elementor/google-fonts/fonts/roboto-kfo5cnqeu92fr1mu53zec9_vu3r1gihoszmkchkawzu.woff2]
[infiniteresources.org/wp-content/uploads/elementor/google-fonts/fonts/roboto-kfo5cnqeu92fr1mu53zec9_vu3r1gihoszmkbnka.woff2]
[infiniteresources.org/wp-content/uploads/elementor/google-fonts/fonts/roboto-kfo7cnqeu92fr1me7ksn66agldtyluama3gubgee.woff2]
[infiniteresources.org/wp-content/uploads/elementor/google-fonts/fonts/roboto-kfo7cnqeu92fr1me7ksn66agldtyluama3iubgee.woff2]
[infiniteresources.org/wp-content/uploads/elementor/google-fonts/fonts/roboto-kfo7cnqeu92fr1me7ksn66agldtyluama3cubgee.woff2]
[infiniteresources.org/wp-content/uploads/elementor/google-fonts/fonts/roboto-kfo7cnqeu92fr1me7ksn66agldtyluama3-ubgee.woff2]
[infiniteresources.org/wp-content/uploads/elementor/google-fonts/fonts/roboto-kfo7cnqeu92fr1me7ksn66agldtyluamawcubgee.woff2]
[infiniteresources.org/wp-content/uploads/elementor/google-fonts/fonts/roboto-kfo7cnqeu92fr1me7ksn66agldtyluamaxkubgee.woff2]
[infiniteresources.org/wp-content/uploads/elementor/google-fonts/fonts/roboto-kfo7cnqeu92fr1me7ksn66agldtyluama3oubgee.woff2]
[infiniteresources.org/wp-content/uploads/elementor/google-fonts/fonts/roboto-kfo7cnqeu92fr1me7ksn66agldtyluama3kubgee.woff2]
[infiniteresources.org/wp-content/uploads/elementor/google-fonts/fonts/roboto-kfo7cnqeu92fr1me7ksn66agldtyluama3yuba.woff2]
[infiniteresources.org/wp-content/uploads/elementor/google-fonts/css/robotobc54.css]
[infiniteresources.org/wp-content/uploads/elementor/google-fonts/fonts/robotoslab-bngmuxzytxpivibgjjsb6ufa5qw54a.woff2]
[infiniteresources.org/wp-content/uploads/elementor/google-fonts/fonts/robotoslab-bngmuxzytxpivibgjjsb6ufj5qw54a.woff2]
[infiniteresources.org/wp-content/uploads/elementor/google-fonts/fonts/robotoslab-bngmuxzytxpivibgjjsb6ufb5qw54a.woff2]
[infiniteresources.org/wp-content/uploads/elementor/google-fonts/fonts/robotoslab-bngmuxzytxpivibgjjsb6ufo5qw54a.woff2]
[infiniteresources.org/wp-content/uploads/elementor/google-fonts/fonts/robotoslab-bngmuxzytxpivibgjjsb6ufc5qw54a.woff2]
[infiniteresources.org/wp-content/uploads/elementor/google-fonts/fonts/robotoslab-bngmuxzytxpivibgjjsb6ufd5qw54a.woff2]
[infiniteresources.org/wp-content/uploads/elementor/google-fonts/fonts/robotoslab-bngmuxzytxpivibgjjsb6ufn5qu.woff2]
[infiniteresources.org/wp-content/uploads/elementor/google-fonts/css/robotoslab45c7.css]
[infiniteresources.org/wp-content/uploads/elementor/google-fonts/fonts/poppins-pxiayp8kv8jhgfvrjjlme0tmmpkzsq.woff2]
[infiniteresources.org/wp-content/uploads/elementor/google-fonts/fonts/poppins-pxiayp8kv8jhgfvrjjlme0tcmpi.woff2]
[infiniteresources.org/wp-content/uploads/elementor/google-fonts/fonts/poppins-pxidyp8kv8jhgfvrjjlmv1pvgdeoceg.woff2]
[infiniteresources.org/wp-content/uploads/elementor/google-fonts/fonts/poppins-pxidyp8kv8jhgfvrjjlmv1pvf9eo.woff2]
[infiniteresources.org/wp-content/uploads/elementor/google-fonts/fonts/poppins-pxidyp8kv8jhgfvrjjlm21lvgdeoceg.woff2]
[infiniteresources.org/wp-content/uploads/elementor/google-fonts/fonts/poppins-pxidyp8kv8jhgfvrjjlm21lvf9eo.woff2]
[infiniteresources.org/wp-content/uploads/elementor/google-fonts/fonts/poppins-pxigyp8kv8jhgfvrjjlufntakpy.woff2]
[infiniteresources.org/wp-content/uploads/elementor/google-fonts/fonts/poppins-pxigyp8kv8jhgfvrjjluchta.woff2]
[infiniteresources.org/wp-content/uploads/elementor/google-fonts/fonts/poppins-pxidyp8kv8jhgfvrjjlmg1hvgdeoceg.woff2]
[infiniteresources.org/wp-content/uploads/elementor/google-fonts/fonts/poppins-pxidyp8kv8jhgfvrjjlmg1hvf9eo.woff2]
[infiniteresources.org/wp-content/uploads/elementor/google-fonts/fonts/poppins-pxidyp8kv8jhgfvrjjlmr19vgdeoceg.woff2]
[infiniteresources.org/wp-content/uploads/elementor/google-fonts/fonts/poppins-pxidyp8kv8jhgfvrjjlmr19vf9eo.woff2]
[infiniteresources.org/wp-content/uploads/elementor/google-fonts/fonts/poppins-pxidyp8kv8jhgfvrjjlmy15vgdeoceg.woff2]
[infiniteresources.org/wp-content/uploads/elementor/google-fonts/fonts/poppins-pxidyp8kv8jhgfvrjjlmy15vf9eo.woff2]
[infiniteresources.org/wp-content/uploads/elementor/google-fonts/fonts/poppins-pxidyp8kv8jhgfvrjjlm111vgdeoceg.woff2]
[infiniteresources.org/wp-content/uploads/elementor/google-fonts/fonts/poppins-pxidyp8kv8jhgfvrjjlm111vf9eo.woff2]
[infiniteresources.org/wp-content/uploads/elementor/google-fonts/fonts/poppins-pxidyp8kv8jhgfvrjjlm81xvgdeoceg.woff2]
[infiniteresources.org/wp-content/uploads/elementor/google-fonts/fonts/poppins-pxidyp8kv8jhgfvrjjlm81xvf9eo.woff2]
[infiniteresources.org/wp-content/uploads/elementor/google-fonts/fonts/poppins-pxigyp8kv8jhgfvrlptufntakpy.woff2]
[infiniteresources.org/wp-content/uploads/elementor/google-fonts/fonts/poppins-pxigyp8kv8jhgfvrlptuchta.woff2]
[infiniteresources.org/wp-content/uploads/elementor/google-fonts/fonts/poppins-pxibyp8kv8jhgfvrlfj_z1jlfc-k.woff2]
[infiniteresources.org/wp-content/uploads/elementor/google-fonts/fonts/poppins-pxibyp8kv8jhgfvrlfj_z1xlfq.woff2]
[infiniteresources.org/wp-content/uploads/elementor/google-fonts/fonts/poppins-pxibyp8kv8jhgfvrldz8z1jlfc-k.woff2]
[infiniteresources.org/wp-content/uploads/elementor/google-fonts/fonts/poppins-pxibyp8kv8jhgfvrldz8z1xlfq.woff2]
[infiniteresources.org/wp-content/uploads/elementor/google-fonts/fonts/poppins-pxieyp8kv8jhgfvrjjnecmne.woff2]
[infiniteresources.org/wp-content/uploads/elementor/google-fonts/fonts/poppins-pxieyp8kv8jhgfvrjjfecg.woff2]
[infiniteresources.org/wp-content/uploads/elementor/google-fonts/fonts/poppins-pxibyp8kv8jhgfvrlgt9z1jlfc-k.woff2]
[infiniteresources.org/wp-content/uploads/elementor/google-fonts/fonts/poppins-pxibyp8kv8jhgfvrlgt9z1xlfq.woff2]
[infiniteresources.org/wp-content/uploads/elementor/google-fonts/fonts/poppins-pxibyp8kv8jhgfvrlej6z1jlfc-k.woff2]
[infiniteresources.org/wp-content/uploads/elementor/google-fonts/fonts/poppins-pxibyp8kv8jhgfvrlej6z1xlfq.woff2]
[infiniteresources.org/wp-content/uploads/elementor/google-fonts/fonts/poppins-pxibyp8kv8jhgfvrlcz7z1jlfc-k.woff2]
[infiniteresources.org/wp-content/uploads/elementor/google-fonts/fonts/poppins-pxibyp8kv8jhgfvrlcz7z1xlfq.woff2]
[infiniteresources.org/wp-content/uploads/elementor/google-fonts/fonts/poppins-pxibyp8kv8jhgfvrldd4z1jlfc-k.woff2]
[infiniteresources.org/wp-content/uploads/elementor/google-fonts/fonts/poppins-pxibyp8kv8jhgfvrldd4z1xlfq.woff2]
[infiniteresources.org/wp-content/uploads/elementor/google-fonts/fonts/poppins-pxibyp8kv8jhgfvrlbt5z1jlfc-k.woff2]
[infiniteresources.org/wp-content/uploads/elementor/google-fonts/fonts/poppins-pxibyp8kv8jhgfvrlbt5z1xlfq.woff2]
[infiniteresources.org/wp-content/uploads/elementor/google-fonts/css/poppins07b8.css]
[infiniteresources.org/wp-content/uploads/elementor/google-fonts/fonts/opensans-memtyags126mizpba-ufuicvxscekx2cmqvxlwqwte6f15m.woff2]
[infiniteresources.org/wp-content/uploads/elementor/google-fonts/fonts/opensans-memtyags126mizpba-ufuicvxscekx2cmqvxlwqwvu6f15m.woff2]
[infiniteresources.org/wp-content/uploads/elementor/google-fonts/fonts/opensans-memtyags126mizpba-ufuicvxscekx2cmqvxlwqwtu6f15m.woff2]
[infiniteresources.org/wp-content/uploads/elementor/google-fonts/fonts/opensans-memtyags126mizpba-ufuicvxscekx2cmqvxlwqwuk6f15m.woff2]
[infiniteresources.org/wp-content/uploads/elementor/google-fonts/fonts/opensans-memtyags126mizpba-ufuicvxscekx2cmqvxlwqwu06f15m.woff2]
[infiniteresources.org/wp-content/uploads/elementor/google-fonts/fonts/opensans-memtyags126mizpba-ufuicvxscekx2cmqvxlwqwxu6f15m.woff2]
[infiniteresources.org/wp-content/uploads/elementor/google-fonts/fonts/opensans-memtyags126mizpba-ufuicvxscekx2cmqvxlwqw106f15m.woff2]
[infiniteresources.org/wp-content/uploads/elementor/google-fonts/fonts/opensans-memtyags126mizpba-ufuicvxscekx2cmqvxlwqwtk6f15m.woff2]
[infiniteresources.org/wp-content/uploads/elementor/google-fonts/fonts/opensans-memtyags126mizpba-ufuicvxscekx2cmqvxlwqwt06f15m.woff2]
[infiniteresources.org/wp-content/uploads/elementor/google-fonts/fonts/opensans-memtyags126mizpba-ufuicvxscekx2cmqvxlwqwuu6f.woff2]
[infiniteresources.org/wp-content/uploads/elementor/google-fonts/fonts/opensans-memvyags126mizpba-uvwbx2vvnxbbobj2ovtskmu1ab.woff2]
[infiniteresources.org/wp-content/uploads/elementor/google-fonts/fonts/opensans-memvyags126mizpba-uvwbx2vvnxbbobj2ovtsumu1ab.woff2]
[infiniteresources.org/wp-content/uploads/elementor/google-fonts/fonts/opensans-memvyags126mizpba-uvwbx2vvnxbbobj2ovtsomu1ab.woff2]
[infiniteresources.org/wp-content/uploads/elementor/google-fonts/fonts/opensans-memvyags126mizpba-uvwbx2vvnxbbobj2ovtsymu1ab.woff2]
[infiniteresources.org/wp-content/uploads/elementor/google-fonts/fonts/opensans-memvyags126mizpba-uvwbx2vvnxbbobj2ovts2mu1ab.woff2]
[infiniteresources.org/wp-content/uploads/elementor/google-fonts/fonts/opensans-memvyags126mizpba-uvwbx2vvnxbbobj2ovtvomu1ab.woff2]
[infiniteresources.org/wp-content/uploads/elementor/google-fonts/fonts/opensans-memvyags126mizpba-uvwbx2vvnxbbobj2ovtugmu1ab.woff2]
[infiniteresources.org/wp-content/uploads/elementor/google-fonts/fonts/opensans-memvyags126mizpba-uvwbx2vvnxbbobj2ovtscmu1ab.woff2]
[infiniteresources.org/wp-content/uploads/elementor/google-fonts/fonts/opensans-memvyags126mizpba-uvwbx2vvnxbbobj2ovtsgmu1ab.woff2]
[infiniteresources.org/wp-content/uploads/elementor/google-fonts/fonts/opensans-memvyags126mizpba-uvwbx2vvnxbbobj2ovts-muw.woff2]
[infiniteresources.org/wp-content/uploads/elementor/google-fonts/css/opensansa3bd.css]
[infiniteresources.org/wp-content/plugins/elementor/assets/lib/font-awesome/css/fontawesome.min52d5.css]
[infiniteresources.org/wp-content/plugins/elementor/assets/lib/font-awesome/css/solid.min52d5.css]
[infiniteresources.org/wp-content/plugins/elementskit-lite/modules/elementskit-icon-pack/assets/fonts/elementskitf60a.woff]
[infiniteresources.org/wp-content/plugins/elementskit-lite/modules/elementskit-icon-pack/assets/css/ekiticons3621.css]
[infiniteresources.org/wp-content/plugins/elementskit/modules/parallax/index.html]
[infiniteresources.org/wp-content/uploads/elementor/css/post-8960560a.css]
[infiniteresources.org/wp-content/uploads/elementor/google-fonts/css/latoce15.css]
[infiniteresources.org/wp-json/wp/v2/pages/8960.json]
[infiniteresources.org/wp-json/oembed/1.0/embedd325.json]
[infiniteresources.org/wp-json/oembed/1.0/embed9116]
[infiniteresources.org/paper/index.html]
[infiniteresources.org/wp-content/uploads/elementor/css/post-90205f19.css]
[infiniteresources.org/wp-json/wp/v2/pages/9020.json]
[infiniteresources.org/wp-json/oembed/1.0/embedd998.json]
[infiniteresources.org/wp-json/oembed/1.0/embed6d4c]
[infiniteresources.org/rubber/index.html]
[infiniteresources.org/wp-content/plugins/elementor/assets/css/widget-google_maps.min1504.css]
[infiniteresources.org/wp-content/uploads/elementor/css/post-896428e4.css]
[infiniteresources.org/wp-json/wp/v2/pages/8964.json]
[infiniteresources.org/wp-json/oembed/1.0/embedca52.json]
[infiniteresources.org/wp-json/oembed/1.0/embed9545]
[infiniteresources.org/contact-us/index.html]
[infiniteresources.org/wp-content/uploads/elementor/css/post-1037703eb.css]
[infiniteresources.org/wp-content/uploads/elementor/css/custom-widget-image-box.min6859.css]
[infiniteresources.org/wp-content/plugins/formidable/js/frm.min3dae.js]
[infiniteresources.org/wp-content/uploads/elementor/css/post-1037803eb.css]
[infiniteresources.org/wp-content/uploads/elementor/css/post-976203eb.css]
[infiniteresources.org/wp-content/uploads/elementor/css/post-976003eb.css]
[infiniteresources.org/wp-content/uploads/elementor/css/post-80437c14.css]
[infiniteresources.org/wp-content/uploads/elementor/css/post-85047c14.css]
[infiniteresources.org/wp-content/uploads/elementor/css/custom-widget-icon-list.min6859.css]
[infiniteresources.org/wp-content/plugins/elementor/assets/lib/font-awesome/css/brands.min52d5.css]
[infiniteresources.org/wp-content/plugins/elementor/assets/lib/font-awesome/css/regular.min52d5.css]
[infiniteresources.org/wp-content/plugins/elementor/assets/css/widget-divider.min1504.css]
[infiniteresources.org/wp-content/plugins/elementskit/modules/pro-form-reset-button/assets/css/elementskit-reset-button38b5.css]
[infiniteresources.org/wp-content/plugins/revslider/public/assets/fonts/revicons/revicons90c6.eot]
[infiniteresources.org/wp-content/plugins/revslider/public/assets/fonts/revicons/revicons90c6.woff]
[infiniteresources.org/wp-content/plugins/revslider/public/assets/fonts/revicons/revicons90c6.ttf]
[infiniteresources.org/wp-content/plugins/revslider/public/assets/assets/gridtile.png]
[infiniteresources.org/wp-content/plugins/revslider/public/assets/assets/gridtile_white.png]
[infiniteresources.org/wp-content/plugins/revslider/public/assets/assets/gridtile_3x3.png]
[infiniteresources.org/wp-content/plugins/revslider/public/assets/assets/gridtile_3x3_white.png]
[infiniteresources.org/wp-content/plugins/revslider/public/assets/assets/coloredbg.png]
[infiniteresources.org/wp-content/plugins/revslider/public/assets/assets/loader.gif]
[infiniteresources.org/wp-content/plugins/revslider/public/assets/css/rs65bdf.css]
[infiniteresources.org/wp-content/plugins/globefarer-core/inc/icons/elegant-icons/assets/fonts/ElegantIcons.svg]
[infiniteresources.org/wp-content/plugins/globefarer-core/inc/icons/font-awesome/assets/webfonts/fa-brands-400.svg]
[infiniteresources.org/wp-content/plugins/globefarer-core/inc/icons/font-awesome/assets/webfonts/fa-regular-400.svg]
[infiniteresources.org/wp-content/plugins/globefarer-core/inc/icons/font-awesome/assets/webfonts/fa-solid-900.svg]
[infiniteresources.org/wp-content/plugins/globefarer-core/inc/icons/fontkiko/assets/webfonts/fontkikolight.svg]
[infiniteresources.org/wp-content/plugins/globefarer-core/inc/icons/fontkiko/assets/webfonts/fontkikoreg.svg]
[infiniteresources.org/wp-content/plugins/globefarer-core/inc/icons/fontkiko/assets/webfonts/fontkikosolid.svg]
[infiniteresources.org/wp-content/plugins/globefarer-core/inc/icons/ionicons/assets/fonts/ioniconsde33.svg]
[infiniteresources.org/wp-content/plugins/globefarer-core/inc/icons/linea-icons/assets/fonts/arrows/fonts/linea-arrows-10.svg]
[infiniteresources.org/wp-content/plugins/globefarer-core/inc/icons/linea-icons/assets/fonts/basic/fonts/linea-basic-10.svg]
[infiniteresources.org/wp-content/plugins/globefarer-core/inc/icons/linea-icons/assets/fonts/basic-elaboration/fonts/linea-basic-elaboration-10.svg]
[infiniteresources.org/wp-content/plugins/globefarer-core/inc/icons/linea-icons/assets/fonts/ecommerce/fonts/linea-ecommerce-10.svg]
[infiniteresources.org/wp-content/plugins/globefarer-core/inc/icons/linea-icons/assets/fonts/music/fonts/linea-music-10.svg]
[infiniteresources.org/wp-content/plugins/globefarer-core/inc/icons/linea-icons/assets/fonts/software/fonts/linea-software-10.svg]
[infiniteresources.org/wp-content/plugins/globefarer-core/inc/icons/linea-icons/assets/fonts/weather/fonts/linea-weather-10.svg]
[infiniteresources.org/wp-content/plugins/globefarer-core/inc/icons/linear-icons/assets/fonts/Linearicons-Free54e9.svg]
[infiniteresources.org/wp-content/plugins/globefarer-core/inc/icons/simple-line-icons/assets/fonts/Simple-Line-Iconsb26c.svg]
[infiniteresources.org/wp-content/plugins/elementor/assets/lib/font-awesome/webfonts/fa-brands-400.svg]
[infiniteresources.org/wp-content/plugins/elementor/assets/lib/font-awesome/webfonts/fa-regular-400.svg]
[infiniteresources.org/wp-content/plugins/elementor/assets/lib/font-awesome/webfonts/fa-solid-900.svg]
[infiniteresources.org/wp-content/plugins/elementor/assets/lib/eicons/fonts/eiconsaa8e.svg]
[infiniteresources.org/wp-content/plugins/elementskit-lite/widgets/init/assets/img/cross-out.svg]
[infiniteresources.org/wp-content/uploads/2023/02/paper-background.jpg]
[infiniteresources.org/wp-content/uploads/elementor/css/post-8960560a.css]
[infiniteresources.org/wp-content/uploads/elementor/google-fonts/fonts/lato-s6u-w4bmutphjxsipx-mpclq7a.woff2]
[infiniteresources.org/wp-content/uploads/elementor/google-fonts/fonts/lato-s6u-w4bmutphjxsipx-opci.woff2]
[infiniteresources.org/wp-content/uploads/elementor/google-fonts/fonts/lato-s6u_w4bmutphjxsi9w2_fqft1dw.woff2]
[infiniteresources.org/wp-content/uploads/elementor/google-fonts/fonts/lato-s6u_w4bmutphjxsi9w2_gwft.woff2]
[infiniteresources.org/wp-content/uploads/elementor/google-fonts/fonts/lato-s6u8w4bmutphjxsaui-qjcy.woff2]
[infiniteresources.org/wp-content/uploads/elementor/google-fonts/fonts/lato-s6u8w4bmutphjxsaxc-q.woff2]
[infiniteresources.org/wp-content/uploads/elementor/google-fonts/fonts/lato-s6u_w4bmutphjxsi5wq_fqft1dw.woff2]
[infiniteresources.org/wp-content/uploads/elementor/google-fonts/fonts/lato-s6u_w4bmutphjxsi5wq_gwft.woff2]
[infiniteresources.org/wp-content/uploads/elementor/google-fonts/fonts/lato-s6u_w4bmutphjxsi3wi_fqft1dw.woff2]
[infiniteresources.org/wp-content/uploads/elementor/google-fonts/fonts/lato-s6u_w4bmutphjxsi3wi_gwft.woff2]
[infiniteresources.org/wp-content/uploads/elementor/google-fonts/fonts/lato-s6u8w4bmutphh30aui-qjcy.woff2]
[infiniteresources.org/wp-content/uploads/elementor/google-fonts/fonts/lato-s6u8w4bmutphh30axc-q.woff2]
[infiniteresources.org/wp-content/uploads/elementor/google-fonts/fonts/lato-s6u9w4bmutphh7usswapgr_p.woff2]
[infiniteresources.org/wp-content/uploads/elementor/google-fonts/fonts/lato-s6u9w4bmutphh7usswipgq.woff2]
[infiniteresources.org/wp-content/uploads/elementor/google-fonts/fonts/lato-s6uyw4bmutphjxawxjeu.woff2]
[infiniteresources.org/wp-content/uploads/elementor/google-fonts/fonts/lato-s6uyw4bmutphjx4wxg.woff2]
[infiniteresources.org/wp-content/uploads/elementor/google-fonts/fonts/lato-s6u9w4bmutphh6uvswapgr_p.woff2]
[infiniteresources.org/wp-content/uploads/elementor/google-fonts/fonts/lato-s6u9w4bmutphh6uvswipgq.woff2]
[infiniteresources.org/wp-content/uploads/elementor/google-fonts/fonts/lato-s6u9w4bmutphh50xswapgr_p.woff2]
[infiniteresources.org/wp-content/uploads/elementor/google-fonts/css/latoce15.css]
[infiniteresources.org/wp-content/uploads/elementor/google-fonts/fonts/lato-s6u9w4bmutphh50xswipgq.woff2]
[infiniteresources.org/index245a.html]
[infiniteresources.org/wp-content/uploads/2023/02/Rubber-background.jpg]
[infiniteresources.org/wp-content/uploads/2023/02/Rubber-Side-photo.jpg]
[infiniteresources.org/wp-content/uploads/elementor/css/post-90205f19.css]
[infiniteresources.org/indexbed6.html]
[infiniteresources.org/wp-content/plugins/elementor/assets/css/widget-google_maps.min1504.css]
[infiniteresources.org/wp-content/uploads/2023/02/Contact-Us-BG.jpg]
[infiniteresources.org/wp-content/uploads/elementor/css/post-896428e4.css]
[infiniteresources.org/wp-content/uploads/2023/02/Contact-Us-img2.jpg]
[infiniteresources.org/index2a34.html]
[infiniteresources.org/wp-content/plugins/revslider/public/assets/fonts/revicons/revicons90c6.svg]
[infiniteresources.org/wp-content/plugins/revslider/public/assets/css/openhand.html]
[infiniteresources.org/wp-content/plugins/revslider/public/assets/css/closedhand.html]
